sed: -e expression #1, char 45: unknown option to `s'
mysql: [Warning] Using a password on the command line interface can be insecure.
ERROR 2003 (HY000): Can't connect to MySQL server on 'mysql:3306' (111)
bin/manager-docker.sh: line 73: [: -eq: unary operator expected
start InlongManagerMain Application...
-e startup command: nohup java -server -XX:MetaspaceSize=256m -XX:MaxMetaspaceSize=512m -XX:-OmitStackTraceInFastThrow -XX:+UseContainerSupport -XX:InitialRAMPercentage=40.0 -XX:MaxRAMPercentage=80.0 -XX:-UseAdaptiveSizePolicy -Dspring.profiles.active=prod -XX:+IgnoreUnrecognizedVMOptions -XX:+UseConcMarkSweepGC -XX:+UseParNewGC -XX:+PrintGCDetails -XX:+PrintGCDateStamps -Xloggc:/opt/inlong-manager/logs/gc.log -cp /opt/inlong-manager/conf/:/opt/inlong-manager/lib/*:/opt/inlong-manager/plugins/flink-v1.15/*:/opt/inlong-manager/lib/manager-web.jar org.apache.inlong.manager.web.InlongManagerMain 1>/dev/null 2>/opt/inlong-manager/logs/error.log &
application pid: 86

tail: cannot open '/opt/inlong-manager/logs/manager-all.log' for reading: No such file or directory
tail: '/opt/inlong-manager/logs/manager-all.log' has appeared;  following new file
[ ] 2026-06-07 18:35:47.225 - INFO [background-preinit] o.h.v.i.u.Version             :21 - HV000001: Hibernate Validator 6.2.5.Final 
[ ] 2026-06-07 18:35:48.284 - INFO [ main] o.s.b.StartupInfoLogger       :55 - Starting InlongManagerMain v2.4.0-SNAPSHOT using Java 1.8.0_452 on 019d80857152 with PID 86 (/opt/inlong-manager/lib/manager-web.jar started by root in /opt/inlong-manager) 
[ ] 2026-06-07 18:35:48.344 - INFO [ main] o.s.b.SpringApplication       :651 - The following 1 profile is active: "prod" 
[ ] 2026-06-07 18:36:01.787 - INFO [ main] egate$BeanPostProcessorChecker:376 - Bean 'JDBCSourceConfig' of type [org.apache.inlong.manager.dao.config.JDBCSourceConfig$$EnhancerBySpringCGLIB$$24378450] is not eligible for getting processed by all BeanPostProcessors (for example: not eligible for auto-proxying) 
[ ] 2026-06-07 18:36:02.366 - INFO [ main] egate$BeanPostProcessorChecker:376 - Bean 'spring.datasource-org.springframework.boot.autoconfigure.jdbc.DataSourceProperties' of type [org.springframework.boot.autoconfigure.jdbc.DataSourceProperties] is not eligible for getting processed by all BeanPostProcessors (for example: not eligible for auto-proxying) 
[ ] 2026-06-07 18:36:02.711 - INFO [ main] egate$BeanPostProcessorChecker:376 - Bean 'dataSource' of type [com.alibaba.druid.spring.boot.autoconfigure.DruidDataSourceWrapper] is not eligible for getting processed by all BeanPostProcessors (for example: not eligible for auto-proxying) 
[ ] 2026-06-07 18:36:08.438 - INFO [ main] egate$BeanPostProcessorChecker:376 - Bean 'sqlSessionFactory' of type [org.apache.ibatis.session.defaults.DefaultSqlSessionFactory] is not eligible for getting processed by all BeanPostProcessors (for example: not eligible for auto-proxying) 
[ ] 2026-06-07 18:36:08.558 - INFO [ main] egate$BeanPostProcessorChecker:376 - Bean 'sqlSessionTemplate' of type [org.mybatis.spring.SqlSessionTemplate] is not eligible for getting processed by all BeanPostProcessors (for example: not eligible for auto-proxying) 
[ ] 2026-06-07 18:36:08.603 - INFO [ main] egate$BeanPostProcessorChecker:376 - Bean 'userEntityMapper' of type [org.mybatis.spring.mapper.MapperFactoryBean] is not eligible for getting processed by all BeanPostProcessors (for example: not eligible for auto-proxying) 
[ ] 2026-06-07 18:36:08.646 - INFO [ main] egate$BeanPostProcessorChecker:376 - Bean 'userEntityMapper' of type [com.sun.proxy.$Proxy99] is not eligible for getting processed by all BeanPostProcessors (for example: not eligible for auto-proxying) 
[ ] 2026-06-07 18:36:08.711 - INFO [ main] egate$BeanPostProcessorChecker:376 - Bean 'tenantUserRoleEntityMapper' of type [org.mybatis.spring.mapper.MapperFactoryBean] is not eligible for getting processed by all BeanPostProcessors (for example: not eligible for auto-proxying) 
[ ] 2026-06-07 18:36:08.717 - INFO [ main] egate$BeanPostProcessorChecker:376 - Bean 'tenantUserRoleEntityMapper' of type [com.sun.proxy.$Proxy102] is not eligible for getting processed by all BeanPostProcessors (for example: not eligible for auto-proxying) 
[ ] 2026-06-07 18:36:08.734 - INFO [ main] egate$BeanPostProcessorChecker:376 - Bean 'inlongTenantEntityMapper' of type [org.mybatis.spring.mapper.MapperFactoryBean] is not eligible for getting processed by all BeanPostProcessors (for example: not eligible for auto-proxying) 
[ ] 2026-06-07 18:36:08.739 - INFO [ main] egate$BeanPostProcessorChecker:376 - Bean 'inlongTenantEntityMapper' of type [com.sun.proxy.$Proxy104] is not eligible for getting processed by all BeanPostProcessors (for example: not eligible for auto-proxying) 
[ ] 2026-06-07 18:36:08.767 - INFO [ main] egate$BeanPostProcessorChecker:376 - Bean 'inlongUserRoleEntityMapper' of type [org.mybatis.spring.mapper.MapperFactoryBean] is not eligible for getting processed by all BeanPostProcessors (for example: not eligible for auto-proxying) 
[ ] 2026-06-07 18:36:08.773 - INFO [ main] egate$BeanPostProcessorChecker:376 - Bean 'inlongUserRoleEntityMapper' of type [com.sun.proxy.$Proxy106] is not eligible for getting processed by all BeanPostProcessors (for example: not eligible for auto-proxying) 
[ ] 2026-06-07 18:36:08.784 - INFO [ main] egate$BeanPostProcessorChecker:376 - Bean 'inlongRoleServiceImpl' of type [org.apache.inlong.manager.service.user.InlongRoleServiceImpl] is not eligible for getting processed by all BeanPostProcessors (for example: not eligible for auto-proxying) 
[ ] 2026-06-07 18:36:08.789 - INFO [ main] egate$BeanPostProcessorChecker:376 - Bean 'tenantRoleServiceImpl' of type [org.apache.inlong.manager.service.user.TenantRoleServiceImpl] is not eligible for getting processed by all BeanPostProcessors (for example: not eligible for auto-proxying) 
[ ] 2026-06-07 18:36:08.799 - INFO [ main] egate$BeanPostProcessorChecker:376 - Bean 'inlongGroupEntityMapper' of type [org.mybatis.spring.mapper.MapperFactoryBean] is not eligible for getting processed by all BeanPostProcessors (for example: not eligible for auto-proxying) 
[ ] 2026-06-07 18:36:08.807 - INFO [ main] egate$BeanPostProcessorChecker:376 - Bean 'inlongGroupEntityMapper' of type [com.sun.proxy.$Proxy108] is not eligible for getting processed by all BeanPostProcessors (for example: not eligible for auto-proxying) 
[ ] 2026-06-07 18:36:08.840 - INFO [ main] egate$BeanPostProcessorChecker:376 - Bean 'inlongClusterEntityMapper' of type [org.mybatis.spring.mapper.MapperFactoryBean] is not eligible for getting processed by all BeanPostProcessors (for example: not eligible for auto-proxying) 
[ ] 2026-06-07 18:36:08.846 - INFO [ main] egate$BeanPostProcessorChecker:376 - Bean 'inlongClusterEntityMapper' of type [com.sun.proxy.$Proxy110] is not eligible for getting processed by all BeanPostProcessors (for example: not eligible for auto-proxying) 
[ ] 2026-06-07 18:36:08.864 - INFO [ main] egate$BeanPostProcessorChecker:376 - Bean 'inlongClusterTagEntityMapper' of type [org.mybatis.spring.mapper.MapperFactoryBean] is not eligible for getting processed by all BeanPostProcessors (for example: not eligible for auto-proxying) 
[ ] 2026-06-07 18:36:08.869 - INFO [ main] egate$BeanPostProcessorChecker:376 - Bean 'inlongClusterTagEntityMapper' of type [com.sun.proxy.$Proxy112] is not eligible for getting processed by all BeanPostProcessors (for example: not eligible for auto-proxying) 
[ ] 2026-06-07 18:36:08.882 - INFO [ main] egate$BeanPostProcessorChecker:376 - Bean 'dataNodeEntityMapper' of type [org.mybatis.spring.mapper.MapperFactoryBean] is not eligible for getting processed by all BeanPostProcessors (for example: not eligible for auto-proxying) 
[ ] 2026-06-07 18:36:08.888 - INFO [ main] egate$BeanPostProcessorChecker:376 - Bean 'dataNodeEntityMapper' of type [com.sun.proxy.$Proxy114] is not eligible for getting processed by all BeanPostProcessors (for example: not eligible for auto-proxying) 
[ ] 2026-06-07 18:36:08.907 - INFO [ main] egate$BeanPostProcessorChecker:376 - Bean 'inlongConsumeEntityMapper' of type [org.mybatis.spring.mapper.MapperFactoryBean] is not eligible for getting processed by all BeanPostProcessors (for example: not eligible for auto-proxying) 
[ ] 2026-06-07 18:36:08.922 - INFO [ main] egate$BeanPostProcessorChecker:376 - Bean 'inlongConsumeEntityMapper' of type [com.sun.proxy.$Proxy116] is not eligible for getting processed by all BeanPostProcessors (for example: not eligible for auto-proxying) 
[ ] 2026-06-07 18:36:08.938 - INFO [ main] egate$BeanPostProcessorChecker:376 - Bean 'userServiceImpl' of type [org.apache.inlong.manager.service.user.UserServiceImpl] is not eligible for getting processed by all BeanPostProcessors (for example: not eligible for auto-proxying) 
[ ] 2026-06-07 18:36:08.967 - INFO [ main] egate$BeanPostProcessorChecker:376 - Bean 'inlongStreamEntityMapper' of type [org.mybatis.spring.mapper.MapperFactoryBean] is not eligible for getting processed by all BeanPostProcessors (for example: not eligible for auto-proxying) 
[ ] 2026-06-07 18:36:08.974 - INFO [ main] egate$BeanPostProcessorChecker:376 - Bean 'inlongStreamEntityMapper' of type [com.sun.proxy.$Proxy118] is not eligible for getting processed by all BeanPostProcessors (for example: not eligible for auto-proxying) 
[ ] 2026-06-07 18:36:08.998 - INFO [ main] egate$BeanPostProcessorChecker:376 - Bean 'streamSinkEntityMapper' of type [org.mybatis.spring.mapper.MapperFactoryBean] is not eligible for getting processed by all BeanPostProcessors (for example: not eligible for auto-proxying) 
[ ] 2026-06-07 18:36:09.010 - INFO [ main] egate$BeanPostProcessorChecker:376 - Bean 'streamSinkEntityMapper' of type [com.sun.proxy.$Proxy120] is not eligible for getting processed by all BeanPostProcessors (for example: not eligible for auto-proxying) 
[ ] 2026-06-07 18:36:09.037 - INFO [ main] egate$BeanPostProcessorChecker:376 - Bean 'streamSourceEntityMapper' of type [org.mybatis.spring.mapper.MapperFactoryBean] is not eligible for getting processed by all BeanPostProcessors (for example: not eligible for auto-proxying) 
[ ] 2026-06-07 18:36:09.049 - INFO [ main] egate$BeanPostProcessorChecker:376 - Bean 'streamSourceEntityMapper' of type [com.sun.proxy.$Proxy122] is not eligible for getting processed by all BeanPostProcessors (for example: not eligible for auto-proxying) 
[ ] 2026-06-07 18:36:09.085 - INFO [ main] egate$BeanPostProcessorChecker:376 - Bean 'tenantClusterTagEntityMapper' of type [org.mybatis.spring.mapper.MapperFactoryBean] is not eligible for getting processed by all BeanPostProcessors (for example: not eligible for auto-proxying) 
[ ] 2026-06-07 18:36:09.092 - INFO [ main] egate$BeanPostProcessorChecker:376 - Bean 'tenantClusterTagEntityMapper' of type [com.sun.proxy.$Proxy124] is not eligible for getting processed by all BeanPostProcessors (for example: not eligible for auto-proxying) 
[ ] 2026-06-07 18:36:09.119 - INFO [ main] egate$BeanPostProcessorChecker:376 - Bean 'workflowApproverEntityMapper' of type [org.mybatis.spring.mapper.MapperFactoryBean] is not eligible for getting processed by all BeanPostProcessors (for example: not eligible for auto-proxying) 
[ ] 2026-06-07 18:36:09.124 - INFO [ main] egate$BeanPostProcessorChecker:376 - Bean 'workflowApproverEntityMapper' of type [com.sun.proxy.$Proxy126] is not eligible for getting processed by all BeanPostProcessors (for example: not eligible for auto-proxying) 
[ ] 2026-06-07 18:36:09.167 - INFO [ main] egate$BeanPostProcessorChecker:376 - Bean 'memoryProcessDefinitionRepository' of type [org.apache.inlong.manager.workflow.core.impl.MemoryProcessDefinitionRepository] is not eligible for getting processed by all BeanPostProcessors (for example: not eligible for auto-proxying) 
[ ] 2026-06-07 18:36:09.173 - INFO [ main] egate$BeanPostProcessorChecker:376 - Bean 'processDefinitionServiceImpl' of type [org.apache.inlong.manager.workflow.core.impl.ProcessDefinitionServiceImpl] is not eligible for getting processed by all BeanPostProcessors (for example: not eligible for auto-proxying) 
[ ] 2026-06-07 18:36:09.177 - INFO [ main] egate$BeanPostProcessorChecker:376 - Bean 'workflowApproverServiceImpl' of type [org.apache.inlong.manager.service.core.impl.WorkflowApproverServiceImpl] is not eligible for getting processed by all BeanPostProcessors (for example: not eligible for auto-proxying) 
[ ] 2026-06-07 18:36:09.186 - INFO [ main] egate$BeanPostProcessorChecker:376 - Bean 'inlongTenantServiceImpl' of type [org.apache.inlong.manager.service.tenant.InlongTenantServiceImpl] is not eligible for getting processed by all BeanPostProcessors (for example: not eligible for auto-proxying) 
[ ] 2026-06-07 18:36:09.212 - INFO [ main] egate$BeanPostProcessorChecker:376 - Bean 'inlongShiroImpl' of type [org.apache.inlong.manager.web.auth.InlongShiroImpl] is not eligible for getting processed by all BeanPostProcessors (for example: not eligible for auto-proxying) 
[ ] 2026-06-07 18:36:09.219 - INFO [ main] egate$BeanPostProcessorChecker:376 - Bean 'shiroConfig' of type [org.apache.inlong.manager.web.auth.ShiroConfig$$EnhancerBySpringCGLIB$$70f6b9ff] is not eligible for getting processed by all BeanPostProcessors (for example: not eligible for auto-proxying) 
[ ] 2026-06-07 18:36:09.852 - INFO [ main] egate$BeanPostProcessorChecker:376 - Bean 'shiroRealms' of type [java.util.Arrays$ArrayList] is not eligible for getting processed by all BeanPostProcessors (for example: not eligible for auto-proxying) 
[ ] 2026-06-07 18:36:10.205 - INFO [ main] egate$BeanPostProcessorChecker:376 - Bean 'securityManager' of type [org.apache.shiro.web.mgt.DefaultWebSecurityManager] is not eligible for getting processed by all BeanPostProcessors (for example: not eligible for auto-proxying) 
[ ] 2026-06-07 18:36:10.321 - INFO [ main] egate$BeanPostProcessorChecker:376 - Bean 'authorizationAttributeSourceAdvisor' of type [org.apache.shiro.spring.security.interceptor.AuthorizationAttributeSourceAdvisor] is not eligible for getting processed by all BeanPostProcessors (for example: not eligible for auto-proxying) 
[ ] 2026-06-07 18:36:12.807 - INFO [ main] o.s.b.w.e.t.TomcatWebServer   :108 - Tomcat initialized with port(s): 8083 (http) 
[ ] 2026-06-07 18:36:12.907 - INFO [ main] o.a.j.l.DirectJDKLog          :173 - Initializing ProtocolHandler ["http-nio-8083"] 
[ ] 2026-06-07 18:36:12.916 - INFO [ main] o.a.j.l.DirectJDKLog          :173 - Starting service [Tomcat] 
[ ] 2026-06-07 18:36:12.919 - INFO [ main] o.a.j.l.DirectJDKLog          :173 - Starting Servlet engine: [Apache Tomcat/9.0.75] 
[ ] 2026-06-07 18:36:13.533 - INFO [ main] o.a.j.l.DirectJDKLog          :173 - Initializing Spring embedded WebApplicationContext 
[ ] 2026-06-07 18:36:13.535 - INFO [ main] letWebServerApplicationContext:290 - Root WebApplicationContext: initialization completed in 24863 ms 
